// Jest Snapshot v1, https://goo.gl/fbAQLP

exports[`Finder should match the snapshot 1`] = `
Object {
  "data": Object {
    "hello": "world",
  },
}
`;
